equalTwoNumbers
1.000000
1.000000
true

equalTwoNumbers
1.000000
0.000000
false

compareNumberLeftLessRight
1.000000
100.000000
true

compareNumberLeftLessRight
101.000000
100.000000
false

compareNumberLeftMoreRight
101.000000
100.000000
true

compareNumberLeftMoreRight
1.000000
100.000000
false

