calculateTotalFromRange
4950.000000
calculateTotalFromRange
3725.000000
simpleBreak
5151.000000
simpleContinue
1275.000000
