callTypeOfOnStaticTypes
boolean
boolean
number
number
string

